[time.com/6262154/arrests-iran-school-girl-poisonings/index.html]
[backblue.gif]
[fade.gif]
[index.html]
[time.com/img/favicons/favicon-32.png]
[time.com/img/favicons/favicon-57.png]
[time.com/img/favicons/favicon-72.png]
[time.com/img/favicons/favicon-76.png]
[time.com/img/favicons/favicon-114.png]
[time.com/img/favicons/favicon-120.png]
[time.com/img/favicons/favicon-144.png]
[time.com/img/favicons/favicon-152.png]
[time.com/img/favicons/favicon-180.png]
[time.com/img/favicons/favicon-192.png]
[api.time.com/wp-content/uploads/2023/03/arrests6664.jpg]
[securepubads.g.doubleclick.net/tag/js/gpt.js]
[cdn.cookielaw.org/scripttemplates/otSDKStub.js]
[assets.zephr.com/zephr-browser/1.5.1/zephr-browser.umd.js]
[cdn.speedcurve.com/js/luxe8aa.js]
[time.com/6262154/arrests-iran-school-girl-poisonings/POST/index.html]
[assets.time.com/draper/draper-next/0.3.0.js]
[pub.doubleverify.com/signals/pub.js]
[c.amazon-adsystem.com/aax2/apstag.js]
[s.ntv.io/serve/load.js]
[cdn.taboola.com/libtrc/timecom-timecom/loader.js]
[micro.rubiconproject.com/prebid/dynamic/20996.js]
[time.com/dist/article.css]
[time.com/img/icons/crypto-wallet.png]
[time.com/img/icons/metamask.png]
[time.com/img/icons/wallet-connect.png]
[api.time.com/wp-content/uploads/2023/03/arrests.jpg]
[api.time.com/wp-content/uploads/2023/03/arrests4dd5.jpg]
[api.time.com/wp-content/uploads/2023/03/iran-protests-childrend8a3.jpg]
[api.time.com/wp-content/uploads/2021/02/washington-politics-unityd8a3.jpg]
[time.com/dist/authentication.js]
[time.com/dist/article.js]
[s.skimresources.com/js/143429X1608040.skimlinks.js]
[time.com/6262154/arrests-iran-school-girl-poisonings/index.html]
[www.googletagmanager.com/gtm5445.html]
[time.com/6262154/arrests-iran-school-girl-poisonings/POST/index.html]
[time.com/6262154/arrests-iran-school-girl-poisonings/;path=/index.html]
[time.com/6262154/arrests-iran-school-girl-poisonings/proxyTracking/index.html]
[time.com/6262154/arrests-iran-school-girl-poisonings/GET/index.html]
[time.com/6262154/arrests-iran-school-girl-poisonings/L.applyProtocolToUrl(L.adBlockerDomain/index.html]
[s.ntv.io/js/prebid5.js]
[s.ntv.io/serve/load.js]
[time.com/6262154/arrests-iran-school-girl-poisonings/e,r.html]
[time.com/dist/article.css]
[time.com/6262154/arrests-iran-school-girl-poisonings/n/index.html]
[s.skimresources.com/js/143429X1608040.skimlinks.js]
[time.com/6262154/arrests-iran-school-girl-poisonings/;path=/index.html]
[time.com/6262154/arrests-iran-school-girl-poisonings/proxyTracking/index.html]
[time.com/6262154/arrests-iran-school-girl-poisonings/GET/index.html]
[time.com/6262154/arrests-iran-school-girl-poisonings/L.applyProtocolToUrl(L.adBlockerDomain/index.html]
[time.com/6262154/arrests-iran-school-girl-poisonings/n/index.html]
[time.com/6262154/arrests-iran-school-girl-poisonings/e.html]
[time.com/6262154/arrests-iran-school-girl-poisonings/div.html]
